[   10388ms] [INFO] %cDownload the React DevTools for a better development experience: https://react.dev/link/react-devtools font-weight:bold @ http://localhost:3100/_next/static/chunks/node_modules_next_dist_1e8vcs8._.js:776
[   10578ms] [LOG] [HMR] connected @ http://localhost:3100/_next/static/chunks/node_modules_next_dist_1e8vcs8._.js:776
[   10836ms] [LOG] [Fast Refresh] rebuilding @ http://localhost:3100/_next/static/chunks/node_modules_next_dist_1e8vcs8._.js:776
[   11537ms] [LOG] [Fast Refresh] done in 901ms @ http://localhost:3100/_next/static/chunks/node_modules_next_dist_1e8vcs8._.js:776
[   11921ms] [LOG] [Fast Refresh] rebuilding @ http://localhost:3100/_next/static/chunks/node_modules_next_dist_1e8vcs8._.js:776
[   12088ms] [LOG] [Fast Refresh] done in 271ms @ http://localhost:3100/_next/static/chunks/node_modules_next_dist_1e8vcs8._.js:776
[   13314ms] [LOG] %c[Vercel Speed Insights]%c Debug mode is enabled by default in development. No requests will be sent to the server. color: rgb(120, 120, 120) color: inherit @ http://localhost:3100/_next/static/chunks/node_modules_next_dist_1e8vcs8._.js:776
[   24603ms] [LOG] [Fast Refresh] rebuilding @ http://localhost:3100/_next/static/chunks/node_modules_next_dist_1e8vcs8._.js:776
[   25178ms] [LOG] [Fast Refresh] done in 678ms @ http://localhost:3100/_next/static/chunks/node_modules_next_dist_1e8vcs8._.js:776
[   30635ms] [LOG] [Fast Refresh] rebuilding @ http://localhost:3100/_next/static/chunks/node_modules_next_dist_1e8vcs8._.js:776
[   30734ms] [LOG] [Fast Refresh] done in 203ms @ http://localhost:3100/_next/static/chunks/node_modules_next_dist_1e8vcs8._.js:776
[   44923ms] [ERROR] WebSocket connection to 'ws://localhost:3100/_next/hmr?id=Nw2k1qj0XBni3qFTeHcFo' failed: Error in connection establishment: net::ERR_CONNECTION_REFUSED @ http://localhost:3100/_next/static/chunks/node_modules_next_dist_client_0_90u2t._.js:16256
[   45932ms] [ERROR] WebSocket connection to 'ws://localhost:3100/_next/hmr?id=Nw2k1qj0XBni3qFTeHcFo' failed: Error in connection establishment: net::ERR_CONNECTION_REFUSED @ http://localhost:3100/_next/static/chunks/node_modules_next_dist_client_0_90u2t._.js:16256
[   46939ms] [ERROR] WebSocket connection to 'ws://localhost:3100/_next/hmr?id=Nw2k1qj0XBni3qFTeHcFo' failed: Error in connection establishment: net::ERR_CONNECTION_REFUSED @ http://localhost:3100/_next/static/chunks/node_modules_next_dist_client_0_90u2t._.js:16256
[   47953ms] [ERROR] WebSocket connection to 'ws://localhost:3100/_next/hmr?id=Nw2k1qj0XBni3qFTeHcFo' failed: Error in connection establishment: net::ERR_CONNECTION_REFUSED @ http://localhost:3100/_next/static/chunks/node_modules_next_dist_client_0_90u2t._.js:16256
[   48968ms] [ERROR] WebSocket connection to 'ws://localhost:3100/_next/hmr?id=Nw2k1qj0XBni3qFTeHcFo' failed: Error in connection establishment: net::ERR_CONNECTION_REFUSED @ http://localhost:3100/_next/static/chunks/node_modules_next_dist_client_0_90u2t._.js:16256
[   53972ms] [ERROR] WebSocket connection to 'ws://localhost:3100/_next/hmr?id=Nw2k1qj0XBni3qFTeHcFo' failed: Error in connection establishment: net::ERR_CONNECTION_REFUSED @ http://localhost:3100/_next/static/chunks/node_modules_next_dist_client_0_90u2t._.js:16256
[   58976ms] [ERROR] WebSocket connection to 'ws://localhost:3100/_next/hmr?id=Nw2k1qj0XBni3qFTeHcFo' failed: Error in connection establishment: net::ERR_CONNECTION_REFUSED @ http://localhost:3100/_next/static/chunks/node_modules_next_dist_client_0_90u2t._.js:16256
[   63987ms] [ERROR] WebSocket connection to 'ws://localhost:3100/_next/hmr?id=Nw2k1qj0XBni3qFTeHcFo' failed: Error in connection establishment: net::ERR_CONNECTION_REFUSED @ http://localhost:3100/_next/static/chunks/node_modules_next_dist_client_0_90u2t._.js:16256
[   69000ms] [ERROR] WebSocket connection to 'ws://localhost:3100/_next/hmr?id=Nw2k1qj0XBni3qFTeHcFo' failed: Error in connection establishment: net::ERR_CONNECTION_REFUSED @ http://localhost:3100/_next/static/chunks/node_modules_next_dist_client_0_90u2t._.js:16256
[   74012ms] [ERROR] WebSocket connection to 'ws://localhost:3100/_next/hmr?id=Nw2k1qj0XBni3qFTeHcFo' failed: Error in connection establishment: net::ERR_CONNECTION_REFUSED @ http://localhost:3100/_next/static/chunks/node_modules_next_dist_client_0_90u2t._.js:16256
[   79034ms] [ERROR] WebSocket connection to 'ws://localhost:3100/_next/hmr?id=Nw2k1qj0XBni3qFTeHcFo' failed: Error in connection establishment: net::ERR_CONNECTION_REFUSED @ http://localhost:3100/_next/static/chunks/node_modules_next_dist_client_0_90u2t._.js:16256
[   84046ms] [ERROR] WebSocket connection to 'ws://localhost:3100/_next/hmr?id=Nw2k1qj0XBni3qFTeHcFo' failed: Error in connection establishment: net::ERR_CONNECTION_REFUSED @ http://localhost:3100/_next/static/chunks/node_modules_next_dist_client_0_90u2t._.js:16256
